src/app/api/auctions/[id]/status/route.ts(34,49): error TS2322: Type '"DRAFT"' is not assignable to type 'AuctionStatus'.
src/app/api/auctions/[id]/status/route.ts(34,58): error TS2322: Type '"SCHEDULED"' is not assignable to type 'AuctionStatus'.
src/app/api/auctions/[id]/status/route.ts(34,71): error TS2322: Type '"ACTIVE"' is not assignable to type 'AuctionStatus'.
src/app/api/auctions/[id]/status/route.ts(34,81): error TS2322: Type '"PAUSED"' is not assignable to type 'AuctionStatus'.
src/app/api/auctions/[id]/status/route.ts(34,91): error TS2322: Type '"FINISHED"' is not assignable to type 'AuctionStatus'.
src/app/api/auctions/[id]/status/route.ts(34,103): error TS2322: Type '"CANCELLED"' is not assignable to type 'AuctionStatus'.
src/app/api/bids/route.ts(39,68): error TS2554: Expected 1 arguments, but got 2.
src/app/api/bids/route.ts(42,43): error TS2554: Expected 2-3 arguments, but got 1.
src/app/api/middleware/auth.ts(26,28): error TS7006: Parameter 'cookiesToSet' implicitly has an 'any' type.
src/app/api/middleware/auth.ts(27,49): error TS7031: Binding element 'name' implicitly has an 'any' type.
src/app/api/middleware/auth.ts(27,55): error TS7031: Binding element 'value' implicitly has an 'any' type.
src/app/api/middleware/auth.ts(27,62): error TS7031: Binding element 'options' implicitly has an 'any' type.
src/core/contexts/RepositoryContext.tsx(56,33): error TS2322: Type '{ authRepo: MockAuthRepository; auctionRepo: MockAuctionRepository; vehicleRepo: MockVehicleRepository; bidRepo: MockBidRepository; } | { ...; }' is not assignable to type 'RepositoryContextData'.
  Type '{ authRepo: MockAuthRepository; auctionRepo: MockAuctionRepository; vehicleRepo: MockVehicleRepository; bidRepo: MockBidRepository; }' is not assignable to type 'RepositoryContextData'.
    Types of property 'vehicleRepo' are incompatible.
      Property 'findAvailableVehicles' is missing in type 'MockVehicleRepository' but required in type 'IVehicleRepository'.
src/core/usecases/auctions/__tests__/CreateAuctionUseCase.test.ts(2,36): error TS2307: Cannot find module '../../repositories/IAuctionRepository' or its corresponding type declarations.
src/core/usecases/auctions/__tests__/CreateAuctionUseCase.test.ts(3,25): error TS2307: Cannot find module '../../entities/Auction' or its corresponding type declarations.
src/core/usecases/auctions/__tests__/CreateAuctionUseCase.test.ts(5,1): error TS2582: Cannot find name 'describe'. Do you need to install type definitions for a test runner? Try `npm i --save-dev @types/jest` or `npm i --save-dev @types/mocha`.
src/core/usecases/auctions/__tests__/CreateAuctionUseCase.test.ts(7,32): error TS2503: Cannot find namespace 'jest'.
src/core/usecases/auctions/__tests__/CreateAuctionUseCase.test.ts(9,5): error TS2304: Cannot find name 'beforeEach'.
src/core/usecases/auctions/__tests__/CreateAuctionUseCase.test.ts(11,21): error TS2304: Cannot find name 'jest'.
src/core/usecases/auctions/__tests__/CreateAuctionUseCase.test.ts(12,23): error TS2304: Cannot find name 'jest'.
src/core/usecases/auctions/__tests__/CreateAuctionUseCase.test.ts(13,22): error TS2304: Cannot find name 'jest'.
src/core/usecases/auctions/__tests__/CreateAuctionUseCase.test.ts(14,21): error TS2304: Cannot find name 'jest'.
src/core/usecases/auctions/__tests__/CreateAuctionUseCase.test.ts(15,21): error TS2304: Cannot find name 'jest'.
src/core/usecases/auctions/__tests__/CreateAuctionUseCase.test.ts(16,33): error TS2304: Cannot find name 'jest'.
src/core/usecases/auctions/__tests__/CreateAuctionUseCase.test.ts(21,5): error TS2582: Cannot find name 'it'. Do you need to install type definitions for a test runner? Try `npm i --save-dev @types/jest` or `npm i --save-dev @types/mocha`.
src/core/usecases/auctions/__tests__/CreateAuctionUseCase.test.ts(39,59): error TS2345: Argument of type '{ name: string; startDateTime: Date; endDateTime: Date; status: "DRAFT"; items: never[]; }' is not assignable to parameter of type 'Omit<Auction, "id" | "createdAt" | "updatedAt">'.
  Types of property 'status' are incompatible.
    Type '"DRAFT"' is not assignable to type 'AuctionStatus'.
src/core/usecases/auctions/__tests__/CreateAuctionUseCase.test.ts(41,9): error TS2304: Cannot find name 'expect'.
src/core/usecases/auctions/__tests__/CreateAuctionUseCase.test.ts(42,9): error TS2304: Cannot find name 'expect'.
src/core/usecases/auctions/__tests__/CreateAuctionUseCase.test.ts(45,5): error TS2582: Cannot find name 'it'. Do you need to install type definitions for a test runner? Try `npm i --save-dev @types/jest` or `npm i --save-dev @types/mocha`.
src/core/usecases/auctions/__tests__/CreateAuctionUseCase.test.ts(54,15): error TS2304: Cannot find name 'expect'.
src/core/usecases/auctions/__tests__/CreateAuctionUseCase.test.ts(54,51): error TS2345: Argument of type '{ name: string; startDateTime: Date; endDateTime: Date; status: "DRAFT"; items: never[]; }' is not assignable to parameter of type 'Omit<Auction, "id" | "createdAt" | "updatedAt">'.
  Types of property 'status' are incompatible.
    Type '"DRAFT"' is not assignable to type 'AuctionStatus'.
src/core/usecases/auctions/__tests__/CreateAuctionUseCase.test.ts(58,9): error TS2304: Cannot find name 'expect'.
src/core/usecases/bidding/GetAuctionBidsUseCase.ts(20,47): error TS2339: Property 'getBidsByAuctionId' does not exist on type 'IBidRepository'.
src/core/usecases/bidding/GetAuctionBidsUseCase.ts(23,27): error TS7006: Parameter 'a' implicitly has an 'any' type.
src/core/usecases/bidding/GetAuctionBidsUseCase.ts(23,30): error TS7006: Parameter 'b' implicitly has an 'any' type.
src/infrastructure/repositories/MockVehicleRepository.ts(60,14): error TS2420: Class 'MockVehicleRepository' incorrectly implements interface 'IVehicleRepository'.
  Property 'findAvailableVehicles' is missing in type 'MockVehicleRepository' but required in type 'IVehicleRepository'.
src/presentation/components/ui/Spinner/__tests__/Spinner.test.tsx(2,25): error TS2307: Cannot find module '../../ui/Spinner/Spinner' or its corresponding type declarations.
src/presentation/components/ui/Spinner/__tests__/Spinner.test.tsx(4,1): error TS2582: Cannot find name 'describe'. Do you need to install type definitions for a test runner? Try `npm i --save-dev @types/jest` or `npm i --save-dev @types/mocha`.
src/presentation/components/ui/Spinner/__tests__/Spinner.test.tsx(5,5): error TS2582: Cannot find name 'it'. Do you need to install type definitions for a test runner? Try `npm i --save-dev @types/jest` or `npm i --save-dev @types/mocha`.
src/presentation/components/ui/Spinner/__tests__/Spinner.test.tsx(7,9): error TS2304: Cannot find name 'expect'.
src/presentation/components/ui/Spinner/__tests__/Spinner.test.tsx(10,5): error TS2582: Cannot find name 'it'. Do you need to install type definitions for a test runner? Try `npm i --save-dev @types/jest` or `npm i --save-dev @types/mocha`.
src/presentation/components/ui/Spinner/__tests__/Spinner.test.tsx(12,9): error TS2304: Cannot find name 'expect'.
src/presentation/hooks/useBidding.ts(42,21): error TS2322: Type 'string | null' is not assignable to type 'string | undefined'.
  Type 'null' is not assignable to type 'string | undefined'.
